12:29:58 **** Incremental Build of configuration Debug for project lab_2 ****
make -j4 all 
arm-none-eabi-gcc "../Core/Src/main.c" -mcpu=cortex-m4 -std=gnu11 -g3 -DDEBUG -DUSE_HAL_DRIVER -DSTM32G474xx -c -I../Core/Inc -I../Drivers/STM32G4xx_HAL_Driver/Inc -I../Drivers/STM32G4xx_HAL_Driver/Inc/Legacy -I../Drivers/CMSIS/Device/ST/STM32G4xx/Include -I../Drivers/CMSIS/Include -O0 -ffunction-sections -fdata-sections -Wall -fstack-usage -fcyclomatic-complexity -MMD -MP -MF"Core/Src/main.d" -MT"Core/Src/main.o" --specs=nano.specs -mfpu=fpv4-sp-d16 -mfloat-abi=hard -mthumb -o "Core/Src/main.o"
arm-none-eabi-gcc -o "lab_2.elf" @"objects.list"   -mcpu=cortex-m4 -T"C:\Users\students\Desktop\EMZ 2025\68bDIM\EMZ_2025_LAB\lab_2\STM32G474RETX_FLASH.ld" --specs=nosys.specs -Wl,-Map="lab_2.map" -Wl,--gc-sections -static --specs=nano.specs -mfpu=fpv4-sp-d16 -mfloat-abi=hard -mthumb -Wl,--start-group -lc -lm -Wl,--end-group
Finished building target: lab_2.elf
 
arm-none-eabi-size  lab_2.elf 
arm-none-eabi-objdump -h -S lab_2.elf  > "lab_2.list"
   text	   data	    bss	    dec	    hex	filename
   6132	     16	   1576	   7724	   1e2c	lab_2.elf
Finished building: default.size.stdout
 
Finished building: lab_2.list
 

12:29:58 Build Finished. 0 errors, 0 warnings. (took 763ms)

