Archive member included to satisfy reference by file (symbol)

C:/ST/STM32CubeIDE_1.16.1/STM32CubeIDE/plugins/com.st.stm32cube.ide.mcu.externaltools.gnu-tools-for-stm32.12.3.rel1.win32_1.0.200.202406191623/tools/bin/../lib/gcc/arm-none-eabi/12.3.1/../../../../arm-none-eabi/lib/thumb/v7e-m+fp/hard\libc_nano.a(libc_a-exit.o)
                              C:/ST/STM32CubeIDE_1.16.1/STM32CubeIDE/plugins/com.st.stm32cube.ide.mcu.externaltools.gnu-tools-for-stm32.12.3.rel1.win32_1.0.200.202406191623/tools/bin/../lib/gcc/arm-none-eabi/12.3.1/../../../../arm-none-eabi/lib/thumb/v7e-m+fp/hard/crt0.o (exit)
C:/ST/STM32CubeIDE_1.16.1/STM32CubeIDE/plugins/com.st.stm32cube.ide.mcu.externaltools.gnu-tools-for-stm32.12.3.rel1.win32_1.0.200.202406191623/tools/bin/../lib/gcc/arm-none-eabi/12.3.1/../../../../arm-none-eabi/lib/thumb/v7e-m+fp/hard\libc_nano.a(libc_a-findfp.o)
                              C:/ST/STM32CubeIDE_1.16.1/STM32CubeIDE/plugins/com.st.stm32cube.ide.mcu.externaltools.gnu-tools-for-stm32.12.3.rel1.win32_1.0.200.202406191623/tools/bin/../lib/gcc/arm-none-eabi/12.3.1/../../../../arm-none-eabi/lib/thumb/v7e-m+fp/hard\libc_nano.a(libc_a-exit.o) (__stdio_exit_handler)
C:/ST/STM32CubeIDE_1.16.1/STM32CubeIDE/plugins/com.st.stm32cube.ide.mcu.externaltools.gnu-tools-for-stm32.12.3.rel1.win32_1.0.200.202406191623/tools/bin/../lib/gcc/arm-none-eabi/12.3.1/../../../../arm-none-eabi/lib/thumb/v7e-m+fp/hard\libc_nano.a(libc_a-fwalk.o)
                              C:/ST/STM32CubeIDE_1.16.1/STM32CubeIDE/plugins/com.st.stm32cube.ide.mcu.externaltools.gnu-tools-for-stm32.12.3.rel1.win32_1.0.200.202406191623/tools/bin/../lib/gcc/arm-none-eabi/12.3.1/../../../../arm-none-eabi/lib/thumb/v7e-m+fp/hard\libc_nano.a(libc_a-findfp.o) (_fwalk_sglue)
C:/ST/STM32CubeIDE_1.16.1/STM32CubeIDE/plugins/com.st.stm32cube.ide.mcu.externaltools.gnu-tools-for-stm32.12.3.rel1.win32_1.0.200.202406191623/tools/bin/../lib/gcc/arm-none-eabi/12.3.1/../../../../arm-none-eabi/lib/thumb/v7e-m+fp/hard\libc_nano.a(libc_a-stdio.o)
                              C:/ST/STM32CubeIDE_1.16.1/STM32CubeIDE/plugins/com.st.stm32cube.ide.mcu.externaltools.gnu-tools-for-stm32.12.3.rel1.win32_1.0.200.202406191623/tools/bin/../lib/gcc/arm-none-eabi/12.3.1/../../../../arm-none-eabi/lib/thumb/v7e-m+fp/hard\libc_nano.a(libc_a-findfp.o) (__sread)
C:/ST/STM32CubeIDE_1.16.1/STM32CubeIDE/plugins/com.st.stm32cube.ide.mcu.externaltools.gnu-tools-for-stm32.12.3.rel1.win32_1.0.200.202406191623/tools/bin/../lib/gcc/arm-none-eabi/12.3.1/../../../../arm-none-eabi/lib/thumb/v7e-m+fp/hard\libc_nano.a(libc_a-memset.o)
                              C:/ST/STM32CubeIDE_1.16.1/STM32CubeIDE/plugins/com.st.stm32cube.ide.mcu.externaltools.gnu-tools-for-stm32.12.3.rel1.win32_1.0.200.202406191623/tools/bin/../lib/gcc/arm-none-eabi/12.3.1/../../../../arm-none-eabi/lib/thumb/v7e-m+fp/hard/crt0.o (memset)
C:/ST/STM32CubeIDE_1.16.1/STM32CubeIDE/plugins/com.st.stm32cube.ide.mcu.externaltools.gnu-tools-for-stm32.12.3.rel1.win32_1.0.200.202406191623/tools/bin/../lib/gcc/arm-none-eabi/12.3.1/../../../../arm-none-eabi/lib/thumb/v7e-m+fp/hard\libc_nano.a(libc_a-closer.o)
                              C:/ST/STM32CubeIDE_1.16.1/STM32CubeIDE/plugins/com.st.stm32cube.ide.mcu.externaltools.gnu-tools-for-stm32.12.3.rel1.win32_1.0.200.202406191623/tools/bin/../lib/gcc/arm-none-eabi/12.3.1/../../../../arm-none-eabi/lib/thumb/v7e-m+fp/hard\libc_nano.a(libc_a-stdio.o) (_close_r)
C:/ST/STM32CubeIDE_1.16.1/STM32CubeIDE/plugins/com.st.stm32cube.ide.mcu.externaltools.gnu-tools-for-stm32.12.3.rel1.win32_1.0.200.202406191623/tools/bin/../lib/gcc/arm-none-eabi/12.3.1/../../../../arm-none-eabi/lib/thumb/v7e-m+fp/hard\libc_nano.a(libc_a-reent.o)
                              C:/ST/STM32CubeIDE_1.16.1/STM32CubeIDE/plugins/com.st.stm32cube.ide.mcu.externaltools.gnu-tools-for-stm32.12.3.rel1.win32_1.0.200.202406191623/tools/bin/../lib/gcc/arm-none-eabi/12.3.1/../../../../arm-none-eabi/lib/thumb/v7e-m+fp/hard\libc_nano.a(libc_a-closer.o) (errno)
C:/ST/STM32CubeIDE_1.16.1/STM32CubeIDE/plugins/com.st.stm32cube.ide.mcu.externaltools.gnu-tools-for-stm32.12.3.rel1.win32_1.0.200.202406191623/tools/bin/../lib/gcc/arm-none-eabi/12.3.1/../../../../arm-none-eabi/lib/thumb/v7e-m+fp/hard\libc_nano.a(libc_a-impure.o)
                              C:/ST/STM32CubeIDE_1.16.1/STM32CubeIDE/plugins/com.st.stm32cube.ide.mcu.externaltools.gnu-tools-for-stm32.12.3.rel1.win32_1.0.200.202406191623/tools/bin/../lib/gcc/arm-none-eabi/12.3.1/../../../../arm-none-eabi/lib/thumb/v7e-m+fp/hard\libc_nano.a(libc_a-reent.o) (_impure_ptr)
C:/ST/STM32CubeIDE_1.16.1/STM32CubeIDE/plugins/com.st.stm32cube.ide.mcu.externaltools.gnu-tools-for-stm32.12.3.rel1.win32_1.0.200.202406191623/tools/bin/../lib/gcc/arm-none-eabi/12.3.1/../../../../arm-none-eabi/lib/thumb/v7e-m+fp/hard\libc_nano.a(libc_a-lseekr.o)
[...]
Memory Configuration

Name             Origin             Length             Attributes
RAM              0x20000000         0x00020000         xrw
FLASH            0x08000000         0x00080000         xr
*default*        0x00000000         0xffffffff

Linker script and memory map

LOAD C:/ST/STM32CubeIDE_1.16.1/STM32CubeIDE/plugins/com.st.stm32cube.ide.mcu.externaltools.gnu-tools-for-stm32.12.3.rel1.win32_1.0.200.202406191623/tools/bin/../lib/gcc/arm-none-eabi/12.3.1/thumb/v7e-m+fp/hard/crti.o
LOAD C:/ST/STM32CubeIDE_1.16.1/STM32CubeIDE/plugins/com.st.stm32cube.ide.mcu.externaltools.gnu-tools-for-stm32.12.3.rel1.win32_1.0.200.202406191623/tools/bin/../lib/gcc/arm-none-eabi/12.3.1/thumb/v7e-m+fp/hard/crtbegin.o
LOAD C:/ST/STM32CubeIDE_1.16.1/STM32CubeIDE/plugins/com.st.stm32cube.ide.mcu.externaltools.gnu-tools-for-stm32.12.3.rel1.win32_1.0.200.202406191623/tools/bin/../lib/gcc/arm-none-eabi/12.3.1/../../../../arm-none-eabi/lib/thumb/v7e-m+fp/hard/crt0.o
LOAD ./Core/Src/main.o
LOAD ./Core/Src/stm32g4xx_hal_msp.o
LOAD ./Core/Src/stm32g4xx_it.o
LOAD ./Core/Src/syscalls.o
LOAD ./Core/Src/sysmem.o
LOAD ./Core/Src/system_stm32g4xx.o
LOAD ./Core/Startup/startup_stm32g474retx.o
LOAD ./Drivers/BSP/STM32G4xx_Nucleo/stm32g4xx_nucleo.o
LOAD ./Drivers/STM32G4xx_HAL_Driver/Src/stm32g4xx_hal.o
LOAD ./Drivers/STM32G4xx_HAL_Driver/Src/stm32g4xx_hal_cortex.o
LOAD ./Drivers/STM32G4xx_HAL_Driver/Src/stm32g4xx_hal_dma.o
LOAD ./Drivers/STM32G4xx_HAL_Driver/Src/stm32g4xx_hal_dma_ex.o
LOAD ./Drivers/STM32G4xx_HAL_Driver/Src/stm32g4xx_hal_exti.o
LOAD ./Drivers/STM32G4xx_HAL_Driver/Src/stm32g4xx_hal_flash.o
LOAD ./Drivers/STM32G4xx_HAL_Driver/Src/stm32g4xx_hal_flash_ex.o
LOAD ./Drivers/STM32G4xx_HAL_Driver/Src/stm32g4xx_hal_flash_ramfunc.o
LOAD ./Drivers/STM32G4xx_HAL_Driver/Src/stm32g4xx_hal_gpio.o
LOAD ./Drivers/STM32G4xx_HAL_Driver/Src/stm32g4xx_hal_pwr.o
LOAD ./Drivers/STM32G4xx_HAL_Driver/Src/stm32g4xx_hal_pwr_ex.o
LOAD ./Drivers/STM32G4xx_HAL_Driver/Src/stm32g4xx_hal_rcc.o
LOAD ./Drivers/STM32G4xx_HAL_Driver/Src/stm32g4xx_hal_rcc_ex.o
LOAD ./Drivers/STM32G4xx_HAL_Driver/Src/stm32g4xx_hal_tim.o
LOAD ./Drivers/STM32G4xx_HAL_Driver/Src/stm32g4xx_hal_tim_ex.o
LOAD ./Drivers/STM32G4xx_HAL_Driver/Src/stm32g4xx_hal_uart.o
LOAD ./Drivers/STM32G4xx_HAL_Driver/Src/stm32g4xx_hal_uart_ex.o
LOAD ./Drivers/STM32G4xx_HAL_Driver/Src/stm32g4xx_hal_usart.o
LOAD ./Drivers/STM32G4xx_HAL_Driver/Src/stm32g4xx_hal_usart_ex.o
START GROUP
LOAD C:/ST/STM32CubeIDE_1.16.1/STM32CubeIDE/plugins/com.st.stm32cube.ide.mcu.externaltools.gnu-tools-for-stm32.12.3.rel1.win32_1.0.200.202406191623/tools/bin/../lib/gcc/arm-none-eabi/12.3.1/../../../../arm-none-eabi/lib/thumb/v7e-m+fp/hard\libc_nano.a
LOAD C:/ST/STM32CubeIDE_1.16.1/STM32CubeIDE/plugins/com.st.stm32cube.ide.mcu.externaltools.gnu-tools-for-stm32.12.3.rel1.win32_1.0.200.202406191623/tools/bin/../lib/gcc/arm-none-eabi/12.3.1/../../../../arm-none-eabi/lib/thumb/v7e-m+fp/hard\libm.a
END GROUP
START GROUP
LOAD C:/ST/STM32CubeIDE_1.16.1/STM32CubeIDE/plugins/com.st.stm32cube.ide.mcu.externaltools.gnu-tools-for-stm32.12.3.rel1.win32_1.0.200.202406191623/tools/bin/../lib/gcc/arm-none-eabi/12.3.1/thumb/v7e-m+fp/hard\libgcc.a
LOAD C:/ST/STM32CubeIDE_1.16.1/STM32CubeIDE/plugins/com.st.stm32cube.ide.mcu.externaltools.gnu-tools-for-stm32.12.3.rel1.win32_1.0.200.202406191623/tools/bin/../lib/gcc/arm-none-eabi/12.3.1/../../../../arm-none-eabi/lib/thumb/v7e-m+fp/hard\libc_nano.a
END GROUP
START GROUP
LOAD C:/ST/STM32CubeIDE_1.16.1/STM32CubeIDE/plugins/com.st.stm32cube.ide.mcu.externaltools.gnu-tools-for-stm32.12.3.rel1.win32_1.0.200.202406191623/tools/bin/../lib/gcc/arm-none-eabi/12.3.1/thumb/v7e-m+fp/hard\libgcc.a
LOAD C:/ST/STM32CubeIDE_1.16.1/STM32CubeIDE/plugins/com.st.stm32cube.ide.mcu.externaltools.gnu-tools-for-stm32.12.3.rel1.win32_1.0.200.202406191623/tools/bin/../lib/gcc/arm-none-eabi/12.3.1/../../../../arm-none-eabi/lib/thumb/v7e-m+fp/hard\libc_nano.a
LOAD C:/ST/STM32CubeIDE_1.16.1/STM32CubeIDE/plugins/com.st.stm32cube.ide.mcu.externaltools.gnu-tools-for-stm32.12.3.rel1.win32_1.0.200.202406191623/tools/bin/../lib/gcc/arm-none-eabi/12.3.1/../../../../arm-none-eabi/lib/thumb/v7e-m+fp/hard\libnosys.a
END GROUP
START GROUP
LOAD C:/ST/STM32CubeIDE_1.16.1/STM32CubeIDE/plugins/com.st.stm32cube.ide.mcu.externaltools.gnu-tools-for-stm32.12.3.rel1.win32_1.0.200.202406191623/tools/bin/../lib/gcc/arm-none-eabi/12.3.1/thumb/v7e-m+fp/hard\libgcc.a
LOAD C:/ST/STM32CubeIDE_1.16.1/STM32CubeIDE/plugins/com.st.stm32cube.ide.mcu.externaltools.gnu-tools-for-stm32.12.3.rel1.win32_1.0.200.202406191623/tools/bin/../lib/gcc/arm-none-eabi/12.3.1/../../../../arm-none-eabi/lib/thumb/v7e-m+fp/hard\libc_nano.a
LOAD C:/ST/STM32CubeIDE_1.16.1/STM32CubeIDE/plugins/com.st.stm32cube.ide.mcu.externaltools.gnu-tools-for-stm32.12.3.rel1.win32_1.0.200.202406191623/tools/bin/../lib/gcc/arm-none-eabi/12.3.1/../../../../arm-none-eabi/lib/thumb/v7e-m+fp/hard\libnosys.a
END GROUP
LOAD C:/ST/STM32CubeIDE_1.16.1/STM32CubeIDE/plugins/com.st.stm32cube.ide.mcu.externaltools.gnu-tools-for-stm32.12.3.rel1.win32_1.0.200.202406191623/tools/bin/../lib/gcc/arm-none-eabi/12.3.1/thumb/v7e-m+fp/hard/crtend.o
LOAD C:/ST/STM32CubeIDE_1.16.1/STM32CubeIDE/plugins/com.st.stm32cube.ide.mcu.externaltools.gnu-tools-for-stm32.12.3.rel1.win32_1.0.200.202406191623/tools/bin/../lib/gcc/arm-none-eabi/12.3.1/thumb/v7e-m+fp/hard/crtn.o
                0x20020000                        _estack = (ORIGIN (RAM) + LENGTH (RAM))
                0x00000200                        _Min_Heap_Size = 0x200
                0x00000400                        _Min_Stack_Size = 0x400

.isr_vector     0x08000000      0x1d8
                0x08000000                        . = ALIGN (0x4)
 *(.isr_vector)
 .isr_vector    0x08000000      0x1d8 ./Core/Startup/startup_stm32g474retx.o
                0x08000000                g_pfnVectors
                0x080001d8                        . = ALIGN (0x4)

.text           0x080001d8     0x2830
                0x080001d8                        . = ALIGN (0x4)
 *(.text)
 .text          0x080001d8       0x40 C:/ST/STM32CubeIDE_1.16.1/STM32CubeIDE/plugins/com.st.stm32cube.ide.mcu.externaltools.gnu-tools-for-stm32.12.3.rel1.win32_1.0.200.202406191623/tools/bin/../lib/gcc/arm-none-eabi/12.3.1/thumb/v7e-m+fp/hard/crtbegin.o
 .text          0x08000218       0x30 C:/ST/STM32CubeIDE_1.16.1/STM32CubeIDE/plugins/com.st.stm32cube.ide.mcu.externaltools.gnu-tools-for-stm32.12.3.rel1.win32_1.0.200.202406191623/tools/bin/../lib/gcc/arm-none-eabi/12.3.1/thumb/v7e-m+fp/hard\libgcc.a(_aeabi_uldivmod.o)
                0x08000218                __aeabi_uldivmod
 .text          0x08000248      0x2bc C:/ST/STM32CubeIDE_1.16.1/STM32CubeIDE/plugins/com.st.stm32cube.ide.mcu.externaltools.gnu-tools-for-stm32.12.3.rel1.win32_1.0.200.202406191623/tools/bin/../lib/gcc/arm-none-eabi/12.3.1/thumb/v7e-m+fp/hard\libgcc.a(_udivmoddi4.o)
                0x08000248                __udivmoddi4
 .text          0x08000504        0x4 C:/ST/STM32CubeIDE_1.16.1/STM32CubeIDE/plugins/com.st.stm32cube.ide.mcu.externaltools.gnu-tools-for-stm32.12.3.rel1.win32_1.0.200.202406191623/tools/bin/../lib/gcc/arm-none-eabi/12.3.1/thumb/v7e-m+fp/hard\libgcc.a(_dvmd_tls.o)
                0x08000504                __aeabi_idiv0
                0x08000504                __aeabi_ldiv0
 *(.text*)
 .text.main     0x08000508      0x104 ./Core/Src/main.o
                0x08000508                main
 .text.SystemClock_Config
                0x0800060c       0x96 ./Core/Src/main.o
                0x0800060c                SystemClock_Config
 *fill*         0x080006a2        0x2 
 .text.MX_GPIO_Init
                0x080006a4       0xe8 ./Core/Src/main.o
 .text.BSP_PB_Callback
                0x0800078c       0x28 ./Core/Src/main.o
                0x0800078c                BSP_PB_Callback
 .text.Error_Handler
                0x080007b4        0xc ./Core/Src/main.o
                0x080007b4                Error_Handler
 .text.HAL_MspInit
                0x080007c0       0x48 ./Core/Src/stm32g4xx_hal_msp.o
                0x080007c0                HAL_MspInit
 .text.NMI_Handler
                0x08000808        0x8 ./Core/Src/stm32g4xx_it.o
                0x08000808                NMI_Handler
 .text.HardFault_Handler
                0x08000810        0x8 ./Core/Src/stm32g4xx_it.o
                0x08000810                HardFault_Handler
 .text.MemManage_Handler
                0x08000818        0x8 ./Core/Src/stm32g4xx_it.o
                0x08000818                MemManage_Handler
 .text.BusFault_Handler
                0x08000820        0x8 ./Core/Src/stm32g4xx_it.o
                0x08000820                BusFault_Handler
 .text.UsageFault_Handler
                0x08000828        0x8 ./Core/Src/stm32g4xx_it.o
                0x08000828                UsageFault_Handler
 .text.SVC_Handler
                0x08000830        0xe ./Core/Src/stm32g4xx_it.o
                0x08000830                SVC_Handler
 .text.DebugMon_Handler
                0x0800083e        0xe ./Core/Src/stm32g4xx_it.o
                0x0800083e                DebugMon_Handler
 .text.PendSV_Handler
                0x0800084c        0xe ./Core/Src/stm32g4xx_it.o
                0x0800084c                PendSV_Handler
 .text.SysTick_Handler
                0x0800085a        0xc ./Core/Src/stm32g4xx_it.o
                0x0800085a                SysTick_Handler
 .text.EXTI15_10_IRQHandler
                0x08000866        0xe ./Core/Src/stm32g4xx_it.o
                0x08000866                EXTI15_10_IRQHandler
 .text.SystemInit
                0x08000874       0x24 ./Core/Src/system_stm32g4xx.o
                0x08000874                SystemInit
 .text.Reset_Handler
                0x08000898       0x50 ./Core/Startup/startup_stm32g474retx.o
                0x08000898                Reset_Handler
 .text.Default_Handler
                0x080008e8        0x2 ./Core/Startup/startup_stm32g474retx.o
                0x080008e8                RTC_Alarm_IRQHandler
                0x080008e8                EXTI2_IRQHandler
                0x080008e8                TIM8_TRG_COM_IRQHandler
                0x080008e8                TIM8_CC_IRQHandler
                0x080008e8                HRTIM1_Master_IRQHandler
                0x080008e8                SPI4_IRQHandler
                0x080008e8                FDCAN3_IT0_IRQHandler
                0x080008e8                TIM1_CC_IRQHandler
                0x080008e8                HRTIM1_FLT_IRQHandler
                0x080008e8                HRTIM1_TIMF_IRQHandler
                0x080008e8                USB_HP_IRQHandler
                0x080008e8                CORDIC_IRQHandler
                0x080008e8                HRTIM1_TIMD_IRQHandler
                0x080008e8                DMA2_Channel8_IRQHandler
                0x080008e8                EXTI3_IRQHandler
                0x080008e8                I2C3_ER_IRQHandler
                0x080008e8                EXTI0_IRQHandler
                0x080008e8                I2C2_EV_IRQHandler
                0x080008e8                FPU_IRQHandler
                0x080008e8                FDCAN1_IT1_IRQHandler
                0x080008e8                TIM1_UP_TIM16_IRQHandler
                0x080008e8                ADC1_2_IRQHandler
                0x080008e8                HRTIM1_TIME_IRQHandler
                0x080008e8                SPI1_IRQHandler
                0x080008e8                TIM6_DAC_IRQHandler
                0x080008e8                HRTIM1_TIMC_IRQHandler
                0x080008e8                TIM8_UP_IRQHandler
                0x080008e8                DMA2_Channel2_IRQHandler
                0x080008e8                DMA1_Channel4_IRQHandler
                0x080008e8                TIM20_TRG_COM_IRQHandler
                0x080008e8                USART3_IRQHandler
                0x080008e8                DMA1_Channel7_IRQHandler
                0x080008e8                UART5_IRQHandler
                0x080008e8                ADC3_IRQHandler
                0x080008e8                TIM4_IRQHandler
                0x080008e8                DMA2_Channel1_IRQHandler
                0x080008e8                QUADSPI_IRQHandler
                0x080008e8                I2C1_EV_IRQHandler
                0x080008e8                DMA1_Channel6_IRQHandler
                0x080008e8                UART4_IRQHandler
                0x080008e8                DMA2_Channel4_IRQHandler
                0x080008e8                TIM3_IRQHandler
                0x080008e8                RCC_IRQHandler
                0x080008e8                TIM20_UP_IRQHandler
                0x080008e8                DMA1_Channel1_IRQHandler
                0x080008e8                Default_Handler
                0x080008e8                DMA2_Channel7_IRQHandler
                0x080008e8                RTC_TAMP_LSECSS_IRQHandler
                0x080008e8                FMAC_IRQHandler
                0x080008e8                DMA1_Channel8_IRQHandler
                0x080008e8                HRTIM1_TIMA_IRQHandler
                0x080008e8                TIM7_DAC_IRQHandler
                0x080008e8                FDCAN3_IT1_IRQHandler
                0x080008e8                TIM5_IRQHandler
                0x080008e8                UCPD1_IRQHandler
                0x080008e8                I2C3_EV_IRQHandler
                0x080008e8                EXTI9_5_IRQHandler
                0x080008e8                RTC_WKUP_IRQHandler
                0x080008e8                PVD_PVM_IRQHandler
                0x080008e8                SPI2_IRQHandler
                0x080008e8                ADC5_IRQHandler
                0x080008e8                DMA2_Channel5_IRQHandler
                0x080008e8                CRS_IRQHandler
                0x080008e8                DMA1_Channel5_IRQHandler
                0x080008e8                USB_LP_IRQHandler
                0x080008e8                EXTI4_IRQHandler
                0x080008e8                RNG_IRQHandler
                0x080008e8                HRTIM1_TIMB_IRQHandler
                0x080008e8                TIM1_TRG_COM_TIM17_IRQHandler
                0x080008e8                FDCAN2_IT1_IRQHandler
                0x080008e8                DMA1_Channel3_IRQHandler
                0x080008e8                ADC4_IRQHandler
                0x080008e8                WWDG_IRQHandler
                0x080008e8                I2C4_EV_IRQHandler
                0x080008e8                FDCAN2_IT0_IRQHandler
                0x080008e8                LPUART1_IRQHandler
                0x080008e8                DMA2_Channel6_IRQHandler
                0x080008e8                FDCAN1_IT0_IRQHandler
                0x080008e8                TIM2_IRQHandler
                0x080008e8                COMP7_IRQHandler
                0x080008e8                COMP1_2_3_IRQHandler
                0x080008e8                EXTI1_IRQHandler
                0x080008e8                USART2_IRQHandler
                0x080008e8                COMP4_5_6_IRQHandler
                0x080008e8                TIM20_BRK_IRQHandler
                0x080008e8                I2C2_ER_IRQHandler
                0x080008e8                DMA1_Channel2_IRQHandler
                0x080008e8                TIM8_BRK_IRQHandler
                0x080008e8                FLASH_IRQHandler
                0x080008e8                TIM20_CC_IRQHandler
                0x080008e8                USART1_IRQHandler
                0x080008e8                SPI3_IRQHandler
                0x080008e8                I2C1_ER_IRQHandler
                0x080008e8                FMC_IRQHandler
                0x080008e8                LPTIM1_IRQHandler
                0x080008e8                DMAMUX_OVR_IRQHandler
                0x080008e8                I2C4_ER_IRQHandler
                0x080008e8                USBWakeUp_IRQHandler
                0x080008e8                SAI1_IRQHandler
                0x080008e8                DMA2_Channel3_IRQHandler
                0x080008e8                TIM1_BRK_TIM15_IRQHandler
 *fill*         0x080008ea        0x2 
 .text.BSP_LED_Init
                0x080008ec       0x6c ./Drivers/BSP/STM32G4xx_Nucleo/stm32g4xx_nucleo.o
                0x080008ec                BSP_LED_Init
 .text.BSP_PB_Init
                0x08000958       0xdc ./Drivers/BSP/STM32G4xx_Nucleo/stm32g4xx_nucleo.o
                0x08000958                BSP_PB_Init
 .text.BSP_PB_IRQHandler
                0x08000a34       0x24 ./Drivers/BSP/STM32G4xx_Nucleo/stm32g4xx_nucleo.o
                0x08000a34                BSP_PB_IRQHandler
 .text.BSP_COM_Init
                0x08000a58       0x60 ./Drivers/BSP/STM32G4xx_Nucleo/stm32g4xx_nucleo.o
                0x08000a58                BSP_COM_Init
 .text.MX_LPUART1_Init
                0x08000ab8       0x64 ./Drivers/BSP/STM32G4xx_Nucleo/stm32g4xx_nucleo.o
                0x08000ab8                MX_LPUART1_Init
 .text.BUTTON_USER_EXTI_Callback
                0x08000b1c        0xe ./Drivers/BSP/STM32G4xx_Nucleo/stm32g4xx_nucleo.o
 *fill*         0x08000b2a        0x2 
 .text.COM1_MspInit
                0x08000b2c       0x98 ./Drivers/BSP/STM32G4xx_Nucleo/stm32g4xx_nucleo.o
 .text.HAL_Init
                0x08000bc4       0x30 ./Drivers/STM32G4xx_HAL_Driver/Src/stm32g4xx_hal.o
                0x08000bc4                HAL_Init
 .text.HAL_InitTick
                0x08000bf4       0x74 ./Drivers/STM32G4xx_HAL_Driver/Src/stm32g4xx_hal.o
                0x08000bf4                HAL_InitTick
 .text.HAL_IncTick
                0x08000c68       0x24 ./Drivers/STM32G4xx_HAL_Driver/Src/stm32g4xx_hal.o
                0x08000c68                HAL_IncTick
 .text.HAL_GetTick
                0x08000c8c       0x18 ./Drivers/STM32G4xx_HAL_Driver/Src/stm32g4xx_hal.o
                0x08000c8c                HAL_GetTick
 .text.__NVIC_SetPriorityGrouping
                0x08000ca4       0x48 ./Drivers/STM32G4xx_HAL_Driver/Src/stm32g4xx_hal_cortex.o
 .text.__NVIC_GetPriorityGrouping
                0x08000cec       0x1c ./Drivers/STM32G4xx_HAL_Driver/Src/stm32g4xx_hal_cortex.o
 .text.__NVIC_EnableIRQ
                0x08000d08       0x3c ./Drivers/STM32G4xx_HAL_Driver/Src/stm32g4xx_hal_cortex.o
 .text.__NVIC_SetPriority
                0x08000d44       0x54 ./Drivers/STM32G4xx_HAL_Driver/Src/stm32g4xx_hal_cortex.o
 .text.NVIC_EncodePriority
                0x08000d98       0x66 ./Drivers/STM32G4xx_HAL_Driver/Src/stm32g4xx_hal_cortex.o
 *fill*         0x08000dfe        0x2 
 .text.SysTick_Config
                0x08000e00       0x44 ./Drivers/STM32G4xx_HAL_Driver/Src/stm32g4xx_hal_cortex.o
 .text.HAL_NVIC_SetPriorityGrouping
                0x08000e44       0x16 ./Drivers/STM32G4xx_HAL_Driver/Src/stm32g4xx_hal_cortex.o
                0x08000e44                HAL_NVIC_SetPriorityGrouping
 .text.HAL_NVIC_SetPriority
                0x08000e5a       0x34 ./Drivers/STM32G4xx_HAL_Driver/Src/stm32g4xx_hal_cortex.o
                0x08000e5a                HAL_NVIC_SetPriority
 .text.HAL_NVIC_EnableIRQ
                0x08000e8e       0x1c ./Drivers/STM32G4xx_HAL_Driver/Src/stm32g4xx_hal_cortex.o
                0x08000e8e                HAL_NVIC_EnableIRQ
 .text.HAL_SYSTICK_Config
                0x08000eaa       0x18 ./Drivers/STM32G4xx_HAL_Driver/Src/stm32g4xx_hal_cortex.o
                0x08000eaa                HAL_SYSTICK_Config
 .text.HAL_EXTI_RegisterCallback
                0x08000ec2       0x3a ./Drivers/STM32G4xx_HAL_Driver/Src/stm32g4xx_hal_exti.o
                0x08000ec2                HAL_EXTI_RegisterCallback
 .text.HAL_EXTI_GetHandle
                0x08000efc       0x28 ./Drivers/STM32G4xx_HAL_Driver/Src/stm32g4xx_hal_exti.o
                0x08000efc                HAL_EXTI_GetHandle
 .text.HAL_EXTI_IRQHandler
                0x08000f24       0x60 ./Drivers/STM32G4xx_HAL_Driver/Src/stm32g4xx_hal_exti.o
                0x08000f24                HAL_EXTI_IRQHandler
 .text.HAL_GPIO_Init
                0x08000f84      0x304 ./Drivers/STM32G4xx_HAL_Driver/Src/stm32g4xx_hal_gpio.o
                0x08000f84                HAL_GPIO_Init
 .text.HAL_GPIO_ReadPin
                0x08001288       0x30 ./Drivers/STM32G4xx_HAL_Driver/Src/stm32g4xx_hal_gpio.o
                0x08001288                HAL_GPIO_ReadPin
 .text.HAL_GPIO_WritePin
                0x080012b8       0x30 ./Drivers/STM32G4xx_HAL_Driver/Src/stm32g4xx_hal_gpio.o
                0x080012b8                HAL_GPIO_WritePin
 .text.HAL_PWREx_ControlVoltageScaling
                0x080012e8      0x148 ./Drivers/STM32G4xx_HAL_Driver/Src/stm32g4xx_hal_pwr_ex.o
                0x080012e8                HAL_PWREx_ControlVoltageScaling
 .text.HAL_PWREx_DisableUCPDDeadBattery
                0x08001430       0x20 ./Drivers/STM32G4xx_HAL_Driver/Src/stm32g4xx_hal_pwr_ex.o
                0x08001430                HAL_PWREx_DisableUCPDDeadBattery
 .text.HAL_RCC_OscConfig
                0x08001450      0x624 ./Drivers/STM32G4xx_HAL_Driver/Src/stm32g4xx_hal_rcc.o
                0x08001450                HAL_RCC_OscConfig
 .text.HAL_RCC_ClockConfig
                0x08001a74      0x278 ./Drivers/STM32G4xx_HAL_Driver/Src/stm32g4xx_hal_rcc.o
                0x08001a74                HAL_RCC_ClockConfig
 .text.HAL_RCC_GetSysClockFreq
                0x08001cec       0xc4 ./Drivers/STM32G4xx_HAL_Driver/Src/stm32g4xx_hal_rcc.o
                0x08001cec                HAL_RCC_GetSysClockFreq
 .text.HAL_RCC_GetHCLKFreq
                0x08001db0       0x18 ./Drivers/STM32G4xx_HAL_Driver/Src/stm32g4xx_hal_rcc.o
                0x08001db0                HAL_RCC_GetHCLKFreq
 .text.HAL_RCC_GetPCLK1Freq
                0x08001dc8       0x2c ./Drivers/STM32G4xx_HAL_Driver/Src/stm32g4xx_hal_rcc.o
                0x08001dc8                HAL_RCC_GetPCLK1Freq
 .text.HAL_RCC_GetPCLK2Freq
                0x08001df4       0x2c ./Drivers/STM32G4xx_HAL_Driver/Src/stm32g4xx_hal_rcc.o
                0x08001df4                HAL_RCC_GetPCLK2Freq
 .text.RCC_GetSysClockFreqFromPLLSource
                0x08001e20       0x8c ./Drivers/STM32G4xx_HAL_Driver/Src/stm32g4xx_hal_rcc.o
 .text.HAL_UART_Init
                0x08001eac       0xa0 ./Drivers/STM32G4xx_HAL_Driver/Src/stm32g4xx_hal_uart.o
                0x08001eac                HAL_UART_Init
 .text.HAL_UART_MspInit
                0x08001f4c       0x14 ./Drivers/STM32G4xx_HAL_Driver/Src/stm32g4xx_hal_uart.o
                0x08001f4c                HAL_UART_MspInit
 .text.UART_SetConfig
                0x08001f60      0x5f8 ./Drivers/STM32G4xx_HAL_Driver/Src/stm32g4xx_hal_uart.o
                0x08001f60                UART_SetConfig
 .text.UART_AdvFeatureConfig
                0x08002558      0x144 ./Drivers/STM32G4xx_HAL_Driver/Src/stm32g4xx_hal_uart.o
                0x08002558                UART_AdvFeatureConfig
 .text.UART_CheckIdleState
                0x0800269c      0x154 ./Drivers/STM32G4xx_HAL_Driver/Src/stm32g4xx_hal_uart.o
                0x0800269c                UART_CheckIdleState
 .text.UART_WaitOnFlagUntilTimeout
                0x080027f0       0xda ./Drivers/STM32G4xx_HAL_Driver/Src/stm32g4xx_hal_uart.o
                0x080027f0                UART_WaitOnFlagUntilTimeout
 .text.UART_EndRxTransfer
                0x080028ca       0xcc ./Drivers/STM32G4xx_HAL_Driver/Src/stm32g4xx_hal_uart.o
 .text.memset   0x08002996       0x10 C:/ST/STM32CubeIDE_1.16.1/STM32CubeIDE/plugins/com.st.stm32cube.ide.mcu.externaltools.gnu-tools-for-stm32.12.3.rel1.win32_1.0.200.202406191623/tools/bin/../lib/gcc/arm-none-eabi/12.3.1/../../../../arm-none-eabi/lib/thumb/v7e-m+fp/hard\libc_nano.a(libc_a-memset.o)
                0x08002996                memset
 *fill*         0x080029a6        0x2 
 .text.__libc_init_array
                0x080029a8       0x48 C:/ST/STM32CubeIDE_1.16.1/STM32CubeIDE/plugins/com.st.stm32cube.ide.mcu.externaltools.gnu-tools-for-stm32.12.3.rel1.win32_1.0.200.202406191623/tools/bin/../lib/gcc/arm-none-eabi/12.3.1/../../../../arm-none-eabi/lib/thumb/v7e-m+fp/hard\libc_nano.a(libc_a-init.o)
                0x080029a8                __libc_init_array
 *(.glue_7)
 .glue_7        0x080029f0        0x0 linker stubs
 *(.glue_7t)
 .glue_7t       0x080029f0        0x0 linker stubs
 *(.eh_frame)
 .eh_frame      0x080029f0        0x0 C:/ST/STM32CubeIDE_1.16.1/STM32CubeIDE/plugins/com.st.stm32cube.ide.mcu.externaltools.gnu-tools-for-stm32.12.3.rel1.win32_1.0.200.202406191623/tools/bin/../lib/gcc/arm-none-eabi/12.3.1/thumb/v7e-m+fp/hard/crtbegin.o
 *(.init)
 .init          0x080029f0        0x4 C:/ST/STM32CubeIDE_1.16.1/STM32CubeIDE/plugins/com.st.stm32cube.ide.mcu.externaltools.gnu-tools-for-stm32.12.3.rel1.win32_1.0.200.202406191623/tools/bin/../lib/gcc/arm-none-eabi/12.3.1/thumb/v7e-m+fp/hard/crti.o
                0x080029f0                _init
 .init          0x080029f4        0x8 C:/ST/STM32CubeIDE_1.16.1/STM32CubeIDE/plugins/com.st.stm32cube.ide.mcu.externaltools.gnu-tools-for-stm32.12.3.rel1.win32_1.0.200.202406191623/tools/bin/../lib/gcc/arm-none-eabi/12.3.1/thumb/v7e-m+fp/hard/crtn.o
 *(.fini)
 .fini          0x080029fc        0x4 C:/ST/STM32CubeIDE_1.16.1/STM32CubeIDE/plugins/com.st.stm32cube.ide.mcu.externaltools.gnu-tools-for-stm32.12.3.rel1.win32_1.0.200.202406191623/tools/bin/../lib/gcc/arm-none-eabi/12.3.1/thumb/v7e-m+fp/hard/crti.o
                0x080029fc                _fini
 .fini          0x08002a00        0x8 C:/ST/STM32CubeIDE_1.16.1/STM32CubeIDE/plugins/com.st.stm32cube.ide.mcu.externaltools.gnu-tools-for-stm32.12.3.rel1.win32_1.0.200.202406191623/tools/bin/../lib/gcc/arm-none-eabi/12.3.1/thumb/v7e-m+fp/hard/crtn.o
                0x08002a08                        . = ALIGN (0x4)
                0x08002a08                        _etext = .

.vfp11_veneer   0x08002a08        0x0
 .vfp11_veneer  0x08002a08        0x0 linker stubs

.v4_bx          0x08002a08        0x0
 .v4_bx         0x08002a08        0x0 linker stubs

.iplt           0x08002a08        0x0
 .iplt          0x08002a08        0x0 C:/ST/STM32CubeIDE_1.16.1/STM32CubeIDE/plugins/com.st.stm32cube.ide.mcu.externaltools.gnu-tools-for-stm32.12.3.rel1.win32_1.0.200.202406191623/tools/bin/../lib/gcc/arm-none-eabi/12.3.1/thumb/v7e-m+fp/hard/crtbegin.o

.rodata         0x08002a08       0x34
                0x08002a08                        . = ALIGN (0x4)
 *(.rodata)
 *(.rodata*)
 .rodata.AHBPrescTable
                0x08002a08       0x10 ./Core/Src/system_stm32g4xx.o
                0x08002a08                AHBPrescTable
 .rodata.APBPrescTable
                0x08002a18        0x8 ./Core/Src/system_stm32g4xx.o
                0x08002a18                APBPrescTable
 .rodata.BUTTON_EXTI_LINE.2
                0x08002a20        0x4 ./Drivers/BSP/STM32G4xx_Nucleo/stm32g4xx_nucleo.o
 .rodata.UARTPrescTable
                0x08002a24       0x18 ./Drivers/STM32G4xx_HAL_Driver/Src/stm32g4xx_hal_uart.o
                0x08002a24                UARTPrescTable
                0x08002a3c                        . = ALIGN (0x4)

.ARM.extab      0x08002a3c        0x0
                0x08002a3c                        . = ALIGN (0x4)
 *(.ARM.extab* .gnu.linkonce.armextab.*)
                0x08002a3c                        . = ALIGN (0x4)

.ARM            0x08002a3c        0x8
                0x08002a3c                        . = ALIGN (0x4)
                0x08002a3c                        __exidx_start = .
 *(.ARM.exidx*)
 .ARM.exidx     0x08002a3c        0x8 C:/ST/STM32CubeIDE_1.16.1/STM32CubeIDE/plugins/com.st.stm32cube.ide.mcu.externaltools.gnu-tools-for-stm32.12.3.rel1.win32_1.0.200.202406191623/tools/bin/../lib/gcc/arm-none-eabi/12.3.1/thumb/v7e-m+fp/hard\libgcc.a(_udivmoddi4.o)
                0x08002a44                        __exidx_end = .
                0x08002a44                        . = ALIGN (0x4)

.preinit_array  0x08002a44        0x0
                0x08002a44                        . = ALIGN (0x4)
                0x08002a44                        PROVIDE (__preinit_array_start = .)
 *(.preinit_array*)
                0x08002a44                        PROVIDE (__preinit_array_end = .)
                0x08002a44                        . = ALIGN (0x4)

.init_array     0x08002a44        0x4
                0x08002a44                        . = ALIGN (0x4)
                0x08002a44                        PROVIDE (__init_array_start = .)
 *(SORT_BY_NAME(.init_array.*))
 *(.init_array*)
 .init_array    0x08002a44        0x4 C:/ST/STM32CubeIDE_1.16.1/STM32CubeIDE/plugins/com.st.stm32cube.ide.mcu.externaltools.gnu-tools-for-stm32.12.3.rel1.win32_1.0.200.202406191623/tools/bin/../lib/gcc/arm-none-eabi/12.3.1/thumb/v7e-m+fp/hard/crtbegin.o
                0x08002a48                        PROVIDE (__init_array_end = .)
                0x08002a48                        . = ALIGN (0x4)

.fini_array     0x08002a48        0x4
                0x08002a48                        . = ALIGN (0x4)
                [!provide]                        PROVIDE (__fini_array_start = .)
 *(SORT_BY_NAME(.fini_array.*))
 *(.fini_array*)
 .fini_array    0x08002a48        0x4 C:/ST/STM32CubeIDE_1.16.1/STM32CubeIDE/plugins/com.st.stm32cube.ide.mcu.externaltools.gnu-tools-for-stm32.12.3.rel1.win32_1.0.200.202406191623/tools/bin/../lib/gcc/arm-none-eabi/12.3.1/thumb/v7e-m+fp/hard/crtbegin.o
                [!provide]                        PROVIDE (__fini_array_end = .)
                0x08002a4c                        . = ALIGN (0x4)
                0x08002a4c                        _sidata = LOADADDR (.data)

.rel.dyn        0x08002a4c        0x0
 .rel.iplt      0x08002a4c        0x0 C:/ST/STM32CubeIDE_1.16.1/STM32CubeIDE/plugins/com.st.stm32cube.ide.mcu.externaltools.gnu-tools-for-stm32.12.3.rel1.win32_1.0.200.202406191623/tools/bin/../lib/gcc/arm-none-eabi/12.3.1/thumb/v7e-m+fp/hard/crtbegin.o

.data           0x20000000       0x20 load address 0x08002a4c
                0x20000000                        . = ALIGN (0x4)
                0x20000000                        _sdata = .
 *(.data)
 *(.data*)
 .data.SystemCoreClock
                0x20000000        0x4 ./Core/Src/system_stm32g4xx.o
                0x20000000                SystemCoreClock
 .data.LED_PORT
                0x20000004        0x4 ./Drivers/BSP/STM32G4xx_Nucleo/stm32g4xx_nucleo.o
 .data.BUTTON_PORT
                0x20000008        0x4 ./Drivers/BSP/STM32G4xx_Nucleo/stm32g4xx_nucleo.o
 .data.COM_USART
                0x2000000c        0x4 ./Drivers/BSP/STM32G4xx_Nucleo/stm32g4xx_nucleo.o
 .data.ButtonCallback.1
                0x20000010        0x4 ./Drivers/BSP/STM32G4xx_Nucleo/stm32g4xx_nucleo.o
 .data.BSP_BUTTON_PRIO.0
                0x20000014        0x4 ./Drivers/BSP/STM32G4xx_Nucleo/stm32g4xx_nucleo.o
 .data.uwTickPrio
                0x20000018        0x4 ./Drivers/STM32G4xx_HAL_Driver/Src/stm32g4xx_hal.o
                0x20000018                uwTickPrio
 .data.uwTickFreq
                0x2000001c        0x4 ./Drivers/STM32G4xx_HAL_Driver/Src/stm32g4xx_hal.o
                0x2000001c                uwTickFreq
 *(.RamFunc)
 *(.RamFunc*)
                0x20000020                        . = ALIGN (0x4)
                0x20000020                        _edata = .

.igot.plt       0x20000020        0x0 load address 0x08002a6c
 .igot.plt      0x20000020        0x0 C:/ST/STM32CubeIDE_1.16.1/STM32CubeIDE/plugins/com.st.stm32cube.ide.mcu.externaltools.gnu-tools-for-stm32.12.3.rel1.win32_1.0.200.202406191623/tools/bin/../lib/gcc/arm-none-eabi/12.3.1/thumb/v7e-m+fp/hard/crtbegin.o
                0x20000020                        . = ALIGN (0x4)

.bss            0x20000020       0xd0 load address 0x08002a6c
                0x20000020                        _sbss = .
                0x20000020                        __bss_start__ = _sbss
 *(.bss)
 .bss           0x20000020       0x1c C:/ST/STM32CubeIDE_1.16.1/STM32CubeIDE/plugins/com.st.stm32cube.ide.mcu.externaltools.gnu-tools-for-stm32.12.3.rel1.win32_1.0.200.202406191623/tools/bin/../lib/gcc/arm-none-eabi/12.3.1/thumb/v7e-m+fp/hard/crtbegin.o
 *(.bss*)
 .bss.BspCOMInit
                0x2000003c       0x10 ./Core/Src/main.o
                0x2000003c                BspCOMInit
 .bss.BspButtonState
                0x2000004c        0x4 ./Core/Src/main.o
                0x2000004c                BspButtonState
 .bss.hpb_exti  0x20000050        0x8 ./Drivers/BSP/STM32G4xx_Nucleo/stm32g4xx_nucleo.o
                0x20000050                hpb_exti
 .bss.hcom_uart
                0x20000058       0x94 ./Drivers/BSP/STM32G4xx_Nucleo/stm32g4xx_nucleo.o
                0x20000058                hcom_uart
 .bss.uwTick    0x200000ec        0x4 ./Drivers/STM32G4xx_HAL_Driver/Src/stm32g4xx_hal.o
                0x200000ec                uwTick
 *(COMMON)
                0x200000f0                        . = ALIGN (0x4)
                0x200000f0                        _ebss = .
                0x200000f0                        __bss_end__ = _ebss

._user_heap_stack
                0x200000f0      0x600 load address 0x08002a6c
                0x200000f0                        . = ALIGN (0x8)
                [!provide]                        PROVIDE (end = .)
                0x200000f0                        PROVIDE (_end = .)
                0x200002f0                        . = (. + _Min_Heap_Size)
 *fill*         0x200000f0      0x200 
                0x200006f0                        . = (. + _Min_Stack_Size)
 *fill*         0x200002f0      0x400 
                0x200006f0                        . = ALIGN (0x8)

/DISCARD/
 libc.a(*)
 libm.a(*)
 libgcc.a(*)

.ARM.attributes
                0x00000000       0x30
 *(.ARM.attributes)
 .ARM.attributes
                0x00000000       0x22 C:/ST/STM32CubeIDE_1.16.1/STM32CubeIDE/plugins/com.st.stm32cube.ide.mcu.externaltools.gnu-tools-for-stm32.12.3.rel1.win32_1.0.200.202406191623/tools/bin/../lib/gcc/arm-none-eabi/12.3.1/thumb/v7e-m+fp/hard/crti.o
 .ARM.attributes
                0x00000022       0x34 C:/ST/STM32CubeIDE_1.16.1/STM32CubeIDE/plugins/com.st.stm32cube.ide.mcu.externaltools.gnu-tools-for-stm32.12.3.rel1.win32_1.0.200.202406191623/tools/bin/../lib/gcc/arm-none-eabi/12.3.1/thumb/v7e-m+fp/hard/crtbegin.o
 .ARM.attributes
                0x00000056       0x34 ./Core/Src/main.o
 .ARM.attributes
                0x0000008a       0x34 ./Core/Src/stm32g4xx_hal_msp.o
 .ARM.attributes
                0x000000be       0x34 ./Core/Src/stm32g4xx_it.o
 .ARM.attributes
                0x000000f2       0x34 ./Core/Src/system_stm32g4xx.o
 .ARM.attributes
                0x00000126       0x21 ./Core/Startup/startup_stm32g474retx.o
 .ARM.attributes
                0x00000147       0x34 ./Drivers/BSP/STM32G4xx_Nucleo/stm32g4xx_nucleo.o
 .ARM.attributes
                0x0000017b       0x34 ./Drivers/STM32G4xx_HAL_Driver/Src/stm32g4xx_hal.o
 .ARM.attributes
                0x000001af       0x34 ./Drivers/STM32G4xx_HAL_Driver/Src/stm32g4xx_hal_cortex.o
 .ARM.attributes
                0x000001e3       0x34 ./Drivers/STM32G4xx_HAL_Driver/Src/stm32g4xx_hal_exti.o
 .ARM.attributes
                0x00000217       0x34 ./Drivers/STM32G4xx_HAL_Driver/Src/stm32g4xx_hal_gpio.o
 .ARM.attributes
                0x0000024b       0x34 ./Drivers/STM32G4xx_HAL_Driver/Src/stm32g4xx_hal_pwr_ex.o
 .ARM.attributes
                0x0000027f       0x34 ./Drivers/STM32G4xx_HAL_Driver/Src/stm32g4xx_hal_rcc.o
 .ARM.attributes
                0x000002b3       0x34 ./Drivers/STM32G4xx_HAL_Driver/Src/stm32g4xx_hal_uart.o
 .ARM.attributes
                0x000002e7       0x34 C:/ST/STM32CubeIDE_1.16.1/STM32CubeIDE/plugins/com.st.stm32cube.ide.mcu.externaltools.gnu-tools-for-stm32.12.3.rel1.win32_1.0.200.202406191623/tools/bin/../lib/gcc/arm-none-eabi/12.3.1/../../../../arm-none-eabi/lib/thumb/v7e-m+fp/hard\libc_nano.a(libc_a-memset.o)
 .ARM.attributes
                0x0000031b       0x34 C:/ST/STM32CubeIDE_1.16.1/STM32CubeIDE/plugins/com.st.stm32cube.ide.mcu.externaltools.gnu-tools-for-stm32.12.3.rel1.win32_1.0.200.202406191623/tools/bin/../lib/gcc/arm-none-eabi/12.3.1/../../../../arm-none-eabi/lib/thumb/v7e-m+fp/hard\libc_nano.a(libc_a-init.o)
 .ARM.attributes
                0x0000034f       0x22 C:/ST/STM32CubeIDE_1.16.1/STM32CubeIDE/plugins/com.st.stm32cube.ide.mcu.externaltools.gnu-tools-for-stm32.12.3.rel1.win32_1.0.200.202406191623/tools/bin/../lib/gcc/arm-none-eabi/12.3.1/thumb/v7e-m+fp/hard\libgcc.a(_aeabi_uldivmod.o)
 .ARM.attributes
                0x00000371       0x34 C:/ST/STM32CubeIDE_1.16.1/STM32CubeIDE/plugins/com.st.stm32cube.ide.mcu.externaltools.gnu-tools-for-stm32.12.3.rel1.win32_1.0.200.202406191623/tools/bin/../lib/gcc/arm-none-eabi/12.3.1/thumb/v7e-m+fp/hard\libgcc.a(_udivmoddi4.o)
 .ARM.attributes
                0x000003a5       0x22 C:/ST/STM32CubeIDE_1.16.1/STM32CubeIDE/plugins/com.st.stm32cube.ide.mcu.externaltools.gnu-tools-for-stm32.12.3.rel1.win32_1.0.200.202406191623/tools/bin/../lib/gcc/arm-none-eabi/12.3.1/thumb/v7e-m+fp/hard\libgcc.a(_dvmd_tls.o)
 .ARM.attributes
                0x000003c7       0x22 C:/ST/STM32CubeIDE_1.16.1/STM32CubeIDE/plugins/com.st.stm32cube.ide.mcu.externaltools.gnu-tools-for-stm32.12.3.rel1.win32_1.0.200.202406191623/tools/bin/../lib/gcc/arm-none-eabi/12.3.1/thumb/v7e-m+fp/hard/crtn.o
OUTPUT(Lab1.elf elf32-littlearm)
LOAD linker stubs
LOAD C:/ST/STM32CubeIDE_1.16.1/STM32CubeIDE/plugins/com.st.stm32cube.ide.mcu.externaltools.gnu-tools-for-stm32.12.3.rel1.win32_1.0.200.202406191623/tools/bin/../lib/gcc/arm-none-eabi/12.3.1/../../../../arm-none-eabi/lib/thumb/v7e-m+fp/hard\libc.a
LOAD C:/ST/STM32CubeIDE_1.16.1/STM32CubeIDE/plugins/com.st.stm32cube.ide.mcu.externaltools.gnu-tools-for-stm32.12.3.rel1.win32_1.0.200.202406191623/tools/bin/../lib/gcc/arm-none-eabi/12.3.1/../../../../arm-none-eabi/lib/thumb/v7e-m+fp/hard\libm.a
LOAD C:/ST/STM32CubeIDE_1.16.1/STM32CubeIDE/plugins/com.st.stm32cube.ide.mcu.externaltools.gnu-tools-for-stm32.12.3.rel1.win32_1.0.200.202406191623/tools/bin/../lib/gcc/arm-none-eabi/12.3.1/thumb/v7e-m+fp/hard\libgcc.a

.debug_info     0x00000000     0xaf4d
 .debug_info    0x00000000      0x997 ./Core/Src/main.o
 .debug_info    0x00000997      0x2e1 ./Core/Src/stm32g4xx_hal_msp.o
 .debug_info    0x00000c78      0x162 ./Core/Src/stm32g4xx_it.o
 .debug_info    0x00000dda      0x58e ./Core/Src/system_stm32g4xx.o
 .debug_info    0x00001368       0x30 ./Core/Startup/startup_stm32g474retx.o
 .debug_info    0x00001398     0x174a ./Drivers/BSP/STM32G4xx_Nucleo/stm32g4xx_nucleo.o
 .debug_info    0x00002ae2      0xb95 ./Drivers/STM32G4xx_HAL_Driver/Src/stm32g4xx_hal.o
 .debug_info    0x00003677      0xdf9 ./Drivers/STM32G4xx_HAL_Driver/Src/stm32g4xx_hal_cortex.o
 .debug_info    0x00004470      0x63d ./Drivers/STM32G4xx_HAL_Driver/Src/stm32g4xx_hal_exti.o
 .debug_info    0x00004aad      0x763 ./Drivers/STM32G4xx_HAL_Driver/Src/stm32g4xx_hal_gpio.o
 .debug_info    0x00005210      0x93f ./Drivers/STM32G4xx_HAL_Driver/Src/stm32g4xx_hal_pwr_ex.o
 .debug_info    0x00005b4f      0xbe0 ./Drivers/STM32G4xx_HAL_Driver/Src/stm32g4xx_hal_rcc.o
 .debug_info    0x0000672f     0x481e ./Drivers/STM32G4xx_HAL_Driver/Src/stm32g4xx_hal_uart.o

.debug_abbrev   0x00000000     0x1915
 .debug_abbrev  0x00000000      0x24e ./Core/Src/main.o
 .debug_abbrev  0x0000024e       0xd9 ./Core/Src/stm32g4xx_hal_msp.o
 .debug_abbrev  0x00000327       0xbc ./Core/Src/stm32g4xx_it.o
 .debug_abbrev  0x000003e3      0x11a ./Core/Src/system_stm32g4xx.o
 .debug_abbrev  0x000004fd       0x24 ./Core/Startup/startup_stm32g474retx.o
 .debug_abbrev  0x00000521      0x2fb ./Drivers/BSP/STM32G4xx_Nucleo/stm32g4xx_nucleo.o
 .debug_abbrev  0x0000081c      0x271 ./Drivers/STM32G4xx_HAL_Driver/Src/stm32g4xx_hal.o
 .debug_abbrev  0x00000a8d      0x31c ./Drivers/STM32G4xx_HAL_Driver/Src/stm32g4xx_hal_cortex.o
 .debug_abbrev  0x00000da9      0x1a8 ./Drivers/STM32G4xx_HAL_Driver/Src/stm32g4xx_hal_exti.o
 .debug_abbrev  0x00000f51      0x1cb ./Drivers/STM32G4xx_HAL_Driver/Src/stm32g4xx_hal_gpio.o
 .debug_abbrev  0x0000111c      0x22c ./Drivers/STM32G4xx_HAL_Driver/Src/stm32g4xx_hal_pwr_ex.o
 .debug_abbrev  0x00001348      0x2c9 ./Drivers/STM32G4xx_HAL_Driver/Src/stm32g4xx_hal_rcc.o
 .debug_abbrev  0x00001611      0x304 ./Drivers/STM32G4xx_HAL_Driver/Src/stm32g4xx_hal_uart.o

.debug_aranges  0x00000000      0x928
 .debug_aranges
                0x00000000       0x40 ./Core/Src/main.o
 .debug_aranges
                0x00000040       0x20 ./Core/Src/stm32g4xx_hal_msp.o
 .debug_aranges
                0x00000060       0x68 ./Core/Src/stm32g4xx_it.o
 .debug_aranges
                0x000000c8       0x28 ./Core/Src/system_stm32g4xx.o
 .debug_aranges
                0x000000f0       0x28 ./Core/Startup/startup_stm32g474retx.o
 .debug_aranges
                0x00000118       0xc8 ./Drivers/BSP/STM32G4xx_Nucleo/stm32g4xx_nucleo.o
 .debug_aranges
                0x000001e0      0x148 ./Drivers/STM32G4xx_HAL_Driver/Src/stm32g4xx_hal.o
 .debug_aranges
                0x00000328      0x128 ./Drivers/STM32G4xx_HAL_Driver/Src/stm32g4xx_hal_cortex.o
 .debug_aranges
                0x00000450       0x60 ./Drivers/STM32G4xx_HAL_Driver/Src/stm32g4xx_hal_exti.o
 .debug_aranges
                0x000004b0       0x58 ./Drivers/STM32G4xx_HAL_Driver/Src/stm32g4xx_hal_gpio.o
 .debug_aranges
                0x00000508      0x140 ./Drivers/STM32G4xx_HAL_Driver/Src/stm32g4xx_hal_pwr_ex.o
 .debug_aranges
                0x00000648       0x98 ./Drivers/STM32G4xx_HAL_Driver/Src/stm32g4xx_hal_rcc.o
 .debug_aranges
                0x000006e0      0x248 ./Drivers/STM32G4xx_HAL_Driver/Src/stm32g4xx_hal_uart.o

.debug_rnglists
                0x00000000      0x6ff
 .debug_rnglists
                0x00000000       0x2e ./Core/Src/main.o
 .debug_rnglists
                0x0000002e       0x13 ./Core/Src/stm32g4xx_hal_msp.o
 .debug_rnglists
                0x00000041       0x49 ./Core/Src/stm32g4xx_it.o
 .debug_rnglists
                0x0000008a       0x1a ./Core/Src/system_stm32g4xx.o
 .debug_rnglists
                0x000000a4       0x19 ./Core/Startup/startup_stm32g474retx.o
 .debug_rnglists
                0x000000bd       0x93 ./Drivers/BSP/STM32G4xx_Nucleo/stm32g4xx_nucleo.o
 .debug_rnglists
                0x00000150       0xf1 ./Drivers/STM32G4xx_HAL_Driver/Src/stm32g4xx_hal.o
 .debug_rnglists
                0x00000241       0xda ./Drivers/STM32G4xx_HAL_Driver/Src/stm32g4xx_hal_cortex.o
 .debug_rnglists
                0x0000031b       0x46 ./Drivers/STM32G4xx_HAL_Driver/Src/stm32g4xx_hal_exti.o
 .debug_rnglists
                0x00000361       0x3f ./Drivers/STM32G4xx_HAL_Driver/Src/stm32g4xx_hal_gpio.o
 .debug_rnglists
                0x000003a0       0xf1 ./Drivers/STM32G4xx_HAL_Driver/Src/stm32g4xx_hal_pwr_ex.o
 .debug_rnglists
                0x00000491       0x74 ./Drivers/STM32G4xx_HAL_Driver/Src/stm32g4xx_hal_rcc.o
 .debug_rnglists
                0x00000505      0x1fa ./Drivers/STM32G4xx_HAL_Driver/Src/stm32g4xx_hal_uart.o

.debug_macro    0x00000000    0x24cf9
 .debug_macro   0x00000000      0x2c2 ./Core/Src/main.o
 .debug_macro   0x000002c2      0xaba ./Core/Src/main.o
 .debug_macro   0x00000d7c      0x155 ./Core/Src/main.o
 .debug_macro   0x00000ed1       0x2e ./Core/Src/main.o
 .debug_macro   0x00000eff       0x28 ./Core/Src/main.o
 .debug_macro   0x00000f27       0x22 ./Core/Src/main.o
 .debug_macro   0x00000f49       0x8e ./Core/Src/main.o
 .debug_macro   0x00000fd7       0x51 ./Core/Src/main.o
 .debug_macro   0x00001028      0x103 ./Core/Src/main.o
 .debug_macro   0x0000112b       0x6a ./Core/Src/main.o
 .debug_macro   0x00001195      0x1df ./Core/Src/main.o
 .debug_macro   0x00001374       0x1c ./Core/Src/main.o
 .debug_macro   0x00001390       0x22 ./Core/Src/main.o
 .debug_macro   0x000013b2       0xfb ./Core/Src/main.o
 .debug_macro   0x000014ad     0x1011 ./Core/Src/main.o
 .debug_macro   0x000024be      0x11f ./Core/Src/main.o
 .debug_macro   0x000025dd    0x18b8c ./Core/Src/main.o
 .debug_macro   0x0001b169       0x6d ./Core/Src/main.o
 .debug_macro   0x0001b1d6     0x3558 ./Core/Src/main.o
 .debug_macro   0x0001e72e      0x189 ./Core/Src/main.o
 .debug_macro   0x0001e8b7       0x5c ./Core/Src/main.o
 .debug_macro   0x0001e913     0x171f ./Core/Src/main.o
 .debug_macro   0x00020032      0x600 ./Core/Src/main.o
 .debug_macro   0x00020632      0x1b6 ./Core/Src/main.o
 .debug_macro   0x000207e8      0x34a ./Core/Src/main.o
 .debug_macro   0x00020b32      0x53c ./Core/Src/main.o
 .debug_macro   0x0002106e      0x18b ./Core/Src/main.o
 .debug_macro   0x000211f9       0x43 ./Core/Src/main.o
 .debug_macro   0x0002123c      0x23d ./Core/Src/main.o
 .debug_macro   0x00021479      0x211 ./Core/Src/main.o
 .debug_macro   0x0002168a      0x45c ./Core/Src/main.o
 .debug_macro   0x00021ae6      0x11c ./Core/Src/main.o
 .debug_macro   0x00021c02      0x122 ./Core/Src/main.o
 .debug_macro   0x00021d24      0x3d1 ./Core/Src/main.o
 .debug_macro   0x000220f5      0x693 ./Core/Src/main.o
 .debug_macro   0x00022788       0xa6 ./Core/Src/main.o
 .debug_macro   0x0002282e      0x358 ./Core/Src/main.o
 .debug_macro   0x00022b86       0x52 ./Core/Src/main.o
 .debug_macro   0x00022bd8       0x22 ./Core/Src/main.o
 .debug_macro   0x00022bfa      0x100 ./Core/Src/main.o
 .debug_macro   0x00022cfa       0x61 ./Core/Src/main.o
 .debug_macro   0x00022d5b       0x2a ./Core/Src/main.o
 .debug_macro   0x00022d85       0x43 ./Core/Src/main.o
 .debug_macro   0x00022dc8       0x34 ./Core/Src/main.o
 .debug_macro   0x00022dfc       0x16 ./Core/Src/main.o
 .debug_macro   0x00022e12       0x35 ./Core/Src/main.o
 .debug_macro   0x00022e47      0x369 ./Core/Src/main.o
 .debug_macro   0x000231b0       0x10 ./Core/Src/main.o
 .debug_macro   0x000231c0       0x16 ./Core/Src/main.o
 .debug_macro   0x000231d6       0x43 ./Core/Src/main.o
 .debug_macro   0x00023219       0x34 ./Core/Src/main.o
 .debug_macro   0x0002324d       0x10 ./Core/Src/main.o
 .debug_macro   0x0002325d       0x58 ./Core/Src/main.o
 .debug_macro   0x000232b5       0x8e ./Core/Src/main.o
 .debug_macro   0x00023343       0x1c ./Core/Src/main.o
 .debug_macro   0x0002335f      0x177 ./Core/Src/main.o
 .debug_macro   0x000234d6       0x16 ./Core/Src/main.o
 .debug_macro   0x000234ec       0x16 ./Core/Src/main.o
 .debug_macro   0x00023502      0x146 ./Core/Src/main.o
 .debug_macro   0x00023648       0x58 ./Core/Src/main.o
 .debug_macro   0x000236a0      0x2c2 ./Core/Src/stm32g4xx_hal_msp.o
 .debug_macro   0x00023962      0x2cc ./Core/Src/stm32g4xx_it.o
 .debug_macro   0x00023c2e      0x1ba ./Core/Src/system_stm32g4xx.o
 .debug_macro   0x00023de8      0x1e7 ./Drivers/BSP/STM32G4xx_Nucleo/stm32g4xx_nucleo.o
 .debug_macro   0x00023fcf       0x1c ./Drivers/BSP/STM32G4xx_Nucleo/stm32g4xx_nucleo.o
 .debug_macro   0x00023feb      0x208 ./Drivers/STM32G4xx_HAL_Driver/Src/stm32g4xx_hal.o
 .debug_macro   0x000241f3      0x1ba ./Drivers/STM32G4xx_HAL_Driver/Src/stm32g4xx_hal_cortex.o
 .debug_macro   0x000243ad      0x1c6 ./Drivers/STM32G4xx_HAL_Driver/Src/stm32g4xx_hal_exti.o
 .debug_macro   0x00024573      0x1c1 ./Drivers/STM32G4xx_HAL_Driver/Src/stm32g4xx_hal_gpio.o
 .debug_macro   0x00024734      0x1e4 ./Drivers/STM32G4xx_HAL_Driver/Src/stm32g4xx_hal_pwr_ex.o
 .debug_macro   0x00024918      0x1fc ./Drivers/STM32G4xx_HAL_Driver/Src/stm32g4xx_hal_rcc.o
 .debug_macro   0x00024b14      0x1e5 ./Drivers/STM32G4xx_HAL_Driver/Src/stm32g4xx_hal_uart.o

.debug_line     0x00000000     0xb63a
 .debug_line    0x00000000      0xa17 ./Core/Src/main.o
 .debug_line    0x00000a17      0x8fa ./Core/Src/stm32g4xx_hal_msp.o
 .debug_line    0x00001311      0x9d3 ./Core/Src/stm32g4xx_it.o
 .debug_line    0x00001ce4      0x7a5 ./Core/Src/system_stm32g4xx.o
 .debug_line    0x00002489       0x7b ./Core/Startup/startup_stm32g474retx.o
 .debug_line    0x00002504      0xabc ./Drivers/BSP/STM32G4xx_Nucleo/stm32g4xx_nucleo.o
 .debug_line    0x00002fc0      0xb61 ./Drivers/STM32G4xx_HAL_Driver/Src/stm32g4xx_hal.o
 .debug_line    0x00003b21      0xcf4 ./Drivers/STM32G4xx_HAL_Driver/Src/stm32g4xx_hal_cortex.o
 .debug_line    0x00004815      0xab1 ./Drivers/STM32G4xx_HAL_Driver/Src/stm32g4xx_hal_exti.o
 .debug_line    0x000052c6      0xb7a ./Drivers/STM32G4xx_HAL_Driver/Src/stm32g4xx_hal_gpio.o
 .debug_line    0x00005e40      0xcd0 ./Drivers/STM32G4xx_HAL_Driver/Src/stm32g4xx_hal_pwr_ex.o
 .debug_line    0x00006b10      0xf2c ./Drivers/STM32G4xx_HAL_Driver/Src/stm32g4xx_hal_rcc.o
 .debug_line    0x00007a3c     0x3bfe ./Drivers/STM32G4xx_HAL_Driver/Src/stm32g4xx_hal_uart.o

.debug_str      0x00000000    0xe9683
 .debug_str     0x00000000    0xe6691 ./Core/Src/main.o
                              0xe696d (size before relaxing)
 .debug_str     0x000e6691       0x4d ./Core/Src/stm32g4xx_hal_msp.o
                              0xe6469 (size before relaxing)
 .debug_str     0x000e66de       0xf0 ./Core/Src/stm32g4xx_it.o
                              0xe63c2 (size before relaxing)
 .debug_str     0x000e67ce       0xe5 ./Core/Src/system_stm32g4xx.o
                              0xe24d4 (size before relaxing)
 .debug_str     0x000e68b3       0x44 ./Core/Startup/startup_stm32g474retx.o
                                 0x8c (size before relaxing)
 .debug_str     0x000e68f7      0xe29 ./Drivers/BSP/STM32G4xx_Nucleo/stm32g4xx_nucleo.o
                              0xe3db6 (size before relaxing)
 .debug_str     0x000e7720      0x5ed ./Drivers/STM32G4xx_HAL_Driver/Src/stm32g4xx_hal.o
                              0xe31e6 (size before relaxing)
 .debug_str     0x000e7d0d      0x34b ./Drivers/STM32G4xx_HAL_Driver/Src/stm32g4xx_hal_cortex.o
                              0xe2ea2 (size before relaxing)
 .debug_str     0x000e8058      0x1b8 ./Drivers/STM32G4xx_HAL_Driver/Src/stm32g4xx_hal_exti.o
                              0xe256e (size before relaxing)
 .debug_str     0x000e8210       0xb8 ./Drivers/STM32G4xx_HAL_Driver/Src/stm32g4xx_hal_gpio.o
                              0xe265f (size before relaxing)
 .debug_str     0x000e82c8      0x4a0 ./Drivers/STM32G4xx_HAL_Driver/Src/stm32g4xx_hal_pwr_ex.o
                              0xe29c2 (size before relaxing)
 .debug_str     0x000e8768      0x506 ./Drivers/STM32G4xx_HAL_Driver/Src/stm32g4xx_hal_rcc.o
                              0xe2bf3 (size before relaxing)
 .debug_str     0x000e8c6e      0xa15 ./Drivers/STM32G4xx_HAL_Driver/Src/stm32g4xx_hal_uart.o
                              0xe348f (size before relaxing)

.comment        0x00000000       0x43
 .comment       0x00000000       0x43 ./Core/Src/main.o
                                 0x44 (size before relaxing)
 .comment       0x00000043       0x44 ./Core/Src/stm32g4xx_hal_msp.o
 .comment       0x00000043       0x44 ./Core/Src/stm32g4xx_it.o
 .comment       0x00000043       0x44 ./Core/Src/system_stm32g4xx.o
 .comment       0x00000043       0x44 ./Drivers/BSP/STM32G4xx_Nucleo/stm32g4xx_nucleo.o
 .comment       0x00000043       0x44 ./Drivers/STM32G4xx_HAL_Driver/Src/stm32g4xx_hal.o
 .comment       0x00000043       0x44 ./Drivers/STM32G4xx_HAL_Driver/Src/stm32g4xx_hal_cortex.o
 .comment       0x00000043       0x44 ./Drivers/STM32G4xx_HAL_Driver/Src/stm32g4xx_hal_exti.o
 .comment       0x00000043       0x44 ./Drivers/STM32G4xx_HAL_Driver/Src/stm32g4xx_hal_gpio.o
 .comment       0x00000043       0x44 ./Drivers/STM32G4xx_HAL_Driver/Src/stm32g4xx_hal_pwr_ex.o
 .comment       0x00000043       0x44 ./Drivers/STM32G4xx_HAL_Driver/Src/stm32g4xx_hal_rcc.o
 .comment       0x00000043       0x44 ./Drivers/STM32G4xx_HAL_Driver/Src/stm32g4xx_hal_uart.o

.debug_frame    0x00000000     0x24a0
 .debug_frame   0x00000000       0xb8 ./Core/Src/main.o
 .debug_frame   0x000000b8       0x34 ./Core/Src/stm32g4xx_hal_msp.o
 .debug_frame   0x000000ec      0x120 ./Core/Src/stm32g4xx_it.o
 .debug_frame   0x0000020c       0x58 ./Core/Src/system_stm32g4xx.o
 .debug_frame   0x00000264      0x31c ./Drivers/BSP/STM32G4xx_Nucleo/stm32g4xx_nucleo.o
 .debug_frame   0x00000580      0x500 ./Drivers/STM32G4xx_HAL_Driver/Src/stm32g4xx_hal.o
 .debug_frame   0x00000a80      0x4e8 ./Drivers/STM32G4xx_HAL_Driver/Src/stm32g4xx_hal_cortex.o
 .debug_frame   0x00000f68      0x174 ./Drivers/STM32G4xx_HAL_Driver/Src/stm32g4xx_hal_exti.o
 .debug_frame   0x000010dc      0x14c ./Drivers/STM32G4xx_HAL_Driver/Src/stm32g4xx_hal_gpio.o
 .debug_frame   0x00001228      0x4fc ./Drivers/STM32G4xx_HAL_Driver/Src/stm32g4xx_hal_pwr_ex.o
 .debug_frame   0x00001724      0x23c ./Drivers/STM32G4xx_HAL_Driver/Src/stm32g4xx_hal_rcc.o
 .debug_frame   0x00001960      0xa94 ./Drivers/STM32G4xx_HAL_Driver/Src/stm32g4xx_hal_uart.o
 .debug_frame   0x000023f4       0x20 C:/ST/STM32CubeIDE_1.16.1/STM32CubeIDE/plugins/com.st.stm32cube.ide.mcu.externaltools.gnu-tools-for-stm32.12.3.rel1.win32_1.0.200.202406191623/tools/bin/../lib/gcc/arm-none-eabi/12.3.1/../../../../arm-none-eabi/lib/thumb/v7e-m+fp/hard\libc_nano.a(libc_a-memset.o)
 .debug_frame   0x00002414       0x2c C:/ST/STM32CubeIDE_1.16.1/STM32CubeIDE/plugins/com.st.stm32cube.ide.mcu.externaltools.gnu-tools-for-stm32.12.3.rel1.win32_1.0.200.202406191623/tools/bin/../lib/gcc/arm-none-eabi/12.3.1/../../../../arm-none-eabi/lib/thumb/v7e-m+fp/hard\libc_nano.a(libc_a-init.o)
 .debug_frame   0x00002440       0x2c C:/ST/STM32CubeIDE_1.16.1/STM32CubeIDE/plugins/com.st.stm32cube.ide.mcu.externaltools.gnu-tools-for-stm32.12.3.rel1.win32_1.0.200.202406191623/tools/bin/../lib/gcc/arm-none-eabi/12.3.1/thumb/v7e-m+fp/hard\libgcc.a(_aeabi_uldivmod.o)
 .debug_frame   0x0000246c       0x34 C:/ST/STM32CubeIDE_1.16.1/STM32CubeIDE/plugins/com.st.stm32cube.ide.mcu.externaltools.gnu-tools-for-stm32.12.3.rel1.win32_1.0.200.202406191623/tools/bin/../lib/gcc/arm-none-eabi/12.3.1/thumb/v7e-m+fp/hard\libgcc.a(_udivmoddi4.o)

.debug_line_str
                0x00000000       0x70
 .debug_line_str
                0x00000000       0x70 ./Core/Startup/startup_stm32g474retx.o
