12:47:43 **** Incremental Build of configuration Debug for project mirror ****
make -j4 all 
arm-none-eabi-gcc "../Core/Src/main.c" -mcpu=cortex-m4 -std=gnu11 -g3 -DDEBUG -DUSE_FULL_LL_DRIVER -DUSE_HAL_DRIVER -DSTM32G474xx -c -I../Core/Inc -I../Drivers/STM32G4xx_HAL_Driver/Inc -I../Drivers/STM32G4xx_HAL_Driver/Inc/Legacy -I../Drivers/CMSIS/Device/ST/STM32G4xx/Include -I../Drivers/CMSIS/Include -O0 -ffunction-sections -fdata-sections -Wall -fstack-usage -fcyclomatic-complexity -MMD -MP -MF"Core/Src/main.d" -MT"Core/Src/main.o" --specs=nano.specs -mfpu=fpv4-sp-d16 -mfloat-abi=hard -mthumb -o "Core/Src/main.o"
arm-none-eabi-gcc -o "mirror.elf" @"objects.list"   -mcpu=cortex-m4 -T"C:\Users\students\Desktop\EMZ 2025\68bDIM\EMZ_2025_LAB\mirror-project\STM32G474RETX_FLASH.ld" --specs=nosys.specs -Wl,-Map="mirror.map" -Wl,--gc-sections -static --specs=nano.specs -mfpu=fpv4-sp-d16 -mfloat-abi=hard -mthumb -Wl,--start-group -lc -lm -Wl,--end-group
Finished building target: mirror.elf
 
arm-none-eabi-size  mirror.elf 
arm-none-eabi-objdump -h -S mirror.elf  > "mirror.list"
   text	   data	    bss	    dec	    hex	filename
  41868	     12	   3020	  44900	   af64	mirror.elf
Finished building: default.size.stdout
 
Finished building: mirror.list
 

12:47:45 Build Finished. 0 errors, 0 warnings. (took 1s.175ms)

